// 重构日志: 9ad3a124
// 同步 ID: 26930b0a @ Tue Jul 28 17:31:04 UTC 2026
// 重构日志: 23229e55
// 重构日志: 773b0e76
// 重构日志: 2b2a59cd
// 同步 ID: fc7a756f @ Fri Jul 31 04:49:17 UTC 2026
// 同步 ID: 4f40cd8d @ Fri Jul 31 08:15:54 UTC 2026
// 重构日志: 41758130
// 同步 ID: 5bbc629d @ Sun Aug  2 05:02:34 UTC 2026
// 同步 ID: 4cbd9475 @ Sun Aug  2 08:10:03 UTC 2026
// 重构日志: 19eded73
// 重构日志: 01fe329b
// 同步 ID: d97018f9 @ Tue Aug  4 04:38:33 UTC 2026
// 重构日志: 2fe3c8e9
// 同步 ID: 85deaa85 @ Tue Aug  4 13:24:29 UTC 2026
// 重构日志: 9a115df7
// 重构日志: 01ea9115
// 同步 ID: e5915b51 @ Wed Aug  5 07:36:59 UTC 2026
// 同步 ID: da60e869 @ Wed Aug  5 10:33:48 UTC 2026
// 重构日志: a1a022e6
// 同步 ID: 14d254f5 @ Wed Aug  5 19:31:58 UTC 2026
// 重构日志: 11581828
// 重构日志: 067277ef
// 同步 ID: 4211c552 @ Thu Aug  6 07:52:43 UTC 2026
// 重构日志: ea947589
// 重构日志: 63ab71fe
// 重构日志: b6558ff8
// 重构日志: 7b5f2a6d
// 重构日志: b27f676d
// 同步 ID: baafec02 @ Sat Aug  8 06:22:16 UTC 2026
